
> meridian-app@0.1.0 build
> next build

  Γû▓ Next.js 14.2.35
  - Environments: .env.local

   Creating an optimized production build ...
node.exe :  ΓÜá Compiled 
with warnings
At line:1 char:1
+ & "C:\Program 
Files\nodejs/node.exe" 
"C:\Program 
Files\nodejs/node_mo ...
+ ~~~~~~~~~~~~~~~~~~~~~~~~~~~
~~~~~~~~~~~~~~~~~~~~~~~~~~~~~
~~~~~~~~~~~~~
    + CategoryInfo           
   : NotSpecified: ( ΓÜá Co  
  mpiled with warnings:Str   
 ing) [], RemoteException
    + FullyQualifiedErrorId  
   : NativeCommandError
 

./src/app/page.tsx
Attempted import error: 
'AetherHero' is not exported 
from '@/components/ui/aether-
hero' (imported as 
'AetherHero').

Import trace for requested 
module:
./src/app/page.tsx

 ΓÜá Compiled with warnings

./src/app/page.tsx
Attempted import error: 
'AetherHero' is not exported 
from '@/components/ui/aether-
hero' (imported as 
'AetherHero').

Import trace for requested 
module:
./src/app/page.tsx

 Γ£ô Compiled successfully
   Linting and checking validity of types ...

./src/components/ui/aether-hero.tsx
222:8  Warning: React Hook useEffect has an unnecessary dependency: 'createProgram'. Either exclude it or remove the dependency array. Outer scope values like 'createProgram' aren't valid dependencies because mutating them doesn't re-render the component.  react-hooks/exhaustive-deps

info  - Need to disable some ESLint rules? Learn more here: https://nextjs.org/docs/basic-features/eslint#disabling-rules
Failed to compile.

./src/app/page.tsx:8:10
Type error: Module '"@/compon
ents/ui/aether-hero"' has no 
exported member 
'AetherHero'. Did you mean 
to use 'import AetherHero 
from "@/components/ui/aether-
hero"' instead?

[0m [90m  6 |[39m 
[36mimport[39m 
[33mAetherBackground[39m 
[36mfrom[39m [32m"@/compon
ents/AetherBackground"[39m[
33m;[39m[0m
[0m [90m  7 |[39m 
[36mimport[39m { 
[33mBrain[39m[33m,[39m [
33mMessageSquareText[39m[33
m,[39m [33mArrowRightLeft[
39m[33m,[39m 
[33mCheck[39m[33m,[39m [
33mSparkles[39m[33m,[39m 
[33mArrowRight[39m[33m,[39
m [33mMenu[39m[33m,[39m 
[33mX[39m } [36mfrom[39m 
[32m"lucide-react"[39m[33m
;[39m[0m
[0m[31m[1m>[22m[39m[90m
  8 |[39m [36mimport[39m 
{ [33mAetherHero[39m } 
[36mfrom[39m [32m"@/compon
ents/ui/aether-hero"[39m[33
m;[39m[0m
[0m [90m    |[39m         
 [31m[1m^[22m[39m[0m
[0m [90m  9 |[39m 
[36mimport[39m { 
motion[33m,[39m 
[33mAnimatePresence[39m } 
[36mfrom[39m [32m"framer-m
otion"[39m[33m;[39m[0m
[0m [90m 10 |[39m 
[36mimport[39m 
[33mStatsBar[39m 
[36mfrom[39m [32m"@/compon
ents/landing/stats-bar"[39m
[33m;[39m[0m
[0m [90m 11 |[39m 
[36mimport[39m 
[33mTrustBadges[39m 
[36mfrom[39m [32m"@/compon
ents/landing/trust-badges"[3
9m[33m;[39m[0m
Next.js build worker exited 
with code: 1 and signal: null
